This is pdfTeX, Version 3.141592653-2.6-1.40.25 (TeX Live 2023/Debian) (preloaded format=pdflatex 2026.4.1)  12 JUN 2026 06:57
entering extended mode
 restricted \write18 enabled.
 %&-line parsing enabled.
**lab05_informe.tex
(./lab05_informe.tex
LaTeX2e <2023-11-01> patch level 1
L3 programming layer <2024-01-22>
(/usr/share/texlive/texmf-dist/tex/latex/base/article.cls
Document Class: article 2023/05/17 v1.4n Standard LaTeX document class
(/usr/share/texlive/texmf-dist/tex/latex/base/size12.clo
File: size12.clo 2023/05/17 v1.4n Standard LaTeX file (size option)
)
\c@part=\count187
\c@section=\count188
\c@subsection=\count189
\c@subsubsection=\count190
\c@paragraph=\count191
\c@subparagraph=\count192
\c@figure=\count193
\c@table=\count194
\abovecaptionskip=\skip48
\belowcaptionskip=\skip49
\bibindent=\dimen140
)
(/usr/share/texlive/texmf-dist/tex/latex/geometry/geometry.sty
Package: geometry 2020/01/02 v5.9 Page Geometry

(/usr/share/texlive/texmf-dist/tex/latex/graphics/keyval.sty
Package: keyval 2022/05/29 v1.15 key=value parser (DPC)
\KV@toks@=\toks17
)
(/usr/share/texlive/texmf-dist/tex/generic/iftex/ifvtex.sty
Package: ifvtex 2019/10/25 v1.7 ifvtex legacy package. Use iftex instead.

(/usr/share/texlive/texmf-dist/tex/generic/iftex/iftex.sty
Package: iftex 2022/02/03 v1.0f TeX engine tests
))
\Gm@cnth=\count195
\Gm@cntv=\count196
\c@Gm@tempcnt=\count197
\Gm@bindingoffset=\dimen141
\Gm@wd@mp=\dimen142
\Gm@odd@mp=\dimen143
\Gm@even@mp=\dimen144
\Gm@layoutwidth=\dimen145
\Gm@layoutheight=\dimen146
\Gm@layouthoffset=\dimen147
\Gm@layoutvoffset=\dimen148
\Gm@dimlist=\toks18
)
(/usr/share/texlive/texmf-dist/tex/latex/graphics/graphicx.sty
Package: graphicx 2021/09/16 v1.2d Enhanced LaTeX Graphics (DPC,SPQR)

(/usr/share/texlive/texmf-dist/tex/latex/graphics/graphics.sty
Package: graphics 2022/03/10 v1.4e Standard LaTeX Graphics (DPC,SPQR)

(/usr/share/texlive/texmf-dist/tex/latex/graphics/trig.sty
Package: trig 2021/08/11 v1.11 sin cos tan (DPC)
)
(/usr/share/texlive/texmf-dist/tex/latex/graphics-cfg/graphics.cfg
File: graphics.cfg 2016/06/04 v1.11 sample graphics configuration
)
Package graphics Info: Driver file: pdftex.def on input line 107.

(/usr/share/texlive/texmf-dist/tex/latex/graphics-def/pdftex.def
File: pdftex.def 2022/09/22 v1.2b Graphics/color driver for pdftex
))
\Gin@req@height=\dimen149
\Gin@req@width=\dimen150
)
(/usr/share/texlive/texmf-dist/tex/latex/lastpage/lastpage.sty
Package: lastpage 2023/10/14 v2.0e lastpage: 2.09 or 2e? (HMM)

(/usr/share/texlive/texmf-dist/tex/latex/lastpage/lastpage2e.sty
Package: lastpage2e 2023/10/14 v2.0e Decide which 2e lastpage version to use (H
MM)

(/usr/share/texlive/texmf-dist/tex/latex/lastpage/lastpagemodern.sty
Package: lastpagemodern 2023-10-14 v2.0e Refers to last page's name (HMM; JPG)
\c@lastpagecount=\count198
) 
)) (/usr/share/texlive/texmf-dist/tex/latex/was/upgreek.sty
Package: upgreek 2003/02/12 v2.0 (WaS)
Package upgreek Info: Using Euler Roman for upright Greek on input line 31.
\symugrf@m=\mathgroup4
LaTeX Font Info:    Overwriting symbol font `ugrf@m' in version `bold'
(Font)                  U/eur/m/n --> U/eur/b/n on input line 38.
)
(/usr/share/texlive/texmf-dist/tex/latex/censor/censor.sty
Package: censor 2023/06/05\ 4.3\ Provides capability for redaction of sensitive
 information

(/usr/share/texlive/texmf-dist/tex/latex/pbox/pbox.sty
Package: pbox 2011/12/07 v1.2 Dynamic parboxes

(/usr/share/texlive/texmf-dist/tex/latex/tools/calc.sty
Package: calc 2023/07/08 v4.3 Infix arithmetic (KKT,FJ)
\calc@Acount=\count199
\calc@Bcount=\count266
\calc@Adimen=\dimen151
\calc@Bdimen=\dimen152
\calc@Askip=\skip50
\calc@Bskip=\skip51
LaTeX Info: Redefining \setlength on input line 80.
LaTeX Info: Redefining \addtolength on input line 81.
\calc@Ccount=\count267
\calc@Cskip=\skip52
)
(/usr/share/texlive/texmf-dist/tex/latex/base/ifthen.sty
Package: ifthen 2022/04/13 v1.1d Standard LaTeX ifthen package (DPC)
)
\pb@xlen=\skip53
)
\censorruledepth=\skip54
\censorruleheight=\skip55

(/usr/share/texlive/texmf-dist/tex/generic/tokcycle/tokcycle.sty
(/usr/share/texlive/texmf-dist/tex/generic/tokcycle/tokcycle.tex
\tc@tok=\toks19
\tcdepth=\count268
\cytoks=\toks20
)
Package: tokcycle 2021/08/25 V1.42 Cycle through and transform a stream of toke
ns
))
(/usr/share/texlive/texmf-dist/tex/generic/babel/babel.sty
Package: babel 2024/01/07 v24.1 The Babel package
\babel@savecnt=\count269
\U@D=\dimen153
\l@unhyphenated=\language14

(/usr/share/texlive/texmf-dist/tex/generic/babel/txtbabel.def)
\bbl@readstream=\read2
\bbl@dirlevel=\count270

(/usr/share/texlive/texmf-dist/tex/generic/babel-spanish/spanish.ldf
Language: spanish.ldf 2021/05/27 v5.0q Spanish support from the babel system
\es@quottoks=\toks21
\es@quotdepth=\count271
Package babel Info: Making " an active character on input line 570.
Package babel Info: Making . an active character on input line 675.
Package babel Info: Making < an active character on input line 722.
Package babel Info: Making > an active character on input line 722.
))
(/usr/share/texlive/texmf-dist/tex/generic/babel/locale/es/babel-spanish.tex
Package babel Info: Importing font and identification data for spanish
(babel)             from babel-es.ini. Reported on input line 11.
)
(/usr/share/texlive/texmf-dist/tex/latex/pdfpages/pdfpages.sty
Package: pdfpages 2024/01/21 v0.5y Insert pages of external PDF documents (AM)

(/usr/share/texlive/texmf-dist/tex/latex/eso-pic/eso-pic.sty
Package: eso-pic 2023/05/03 v3.0c eso-pic (RN)
\ESO@tempdima=\dimen154
\ESO@tempdimb=\dimen155

(/usr/share/texlive/texmf-dist/tex/latex/xcolor/xcolor.sty
Package: xcolor 2023/11/15 v3.01 LaTeX color extensions (UK)

(/usr/share/texlive/texmf-dist/tex/latex/graphics-cfg/color.cfg
File: color.cfg 2016/01/02 v1.6 sample color configuration
)
Package xcolor Info: Driver file: pdftex.def on input line 274.

(/usr/share/texlive/texmf-dist/tex/latex/graphics/mathcolor.ltx)
Package xcolor Info: Model `cmy' substituted by `cmy0' on input line 1350.
Package xcolor Info: Model `hsb' substituted by `rgb' on input line 1354.
Package xcolor Info: Model `RGB' extended on input line 1366.
Package xcolor Info: Model `HTML' substituted by `rgb' on input line 1368.
Package xcolor Info: Model `Hsb' substituted by `hsb' on input line 1369.
Package xcolor Info: Model `tHsb' substituted by `hsb' on input line 1370.
Package xcolor Info: Model `HSB' substituted by `hsb' on input line 1371.
Package xcolor Info: Model `Gray' substituted by `gray' on input line 1372.
Package xcolor Info: Model `wave' substituted by `hsb' on input line 1373.
))
\AM@pagewidth=\dimen156
\AM@pageheight=\dimen157
\AM@fboxrule=\dimen158

(/usr/share/texlive/texmf-dist/tex/latex/pdfpages/pppdftex.def
File: pppdftex.def 2024/01/21 v0.5y Pdfpages driver for pdfTeX (AM)
)
\pdfpages@includegraphics@status=\count272
\AM@pagebox=\box51
\AM@global@opts=\toks22
\AM@pagecnt=\count273
\AM@toc@title=\toks23
\AM@lof@heading=\toks24
\c@AM@survey=\count274
\AM@templatesizebox=\box52
)
(/usr/share/texlive/texmf-dist/tex/latex/tools/tabularx.sty
Package: tabularx 2023/07/08 v2.11c `tabularx' package (DPC)

(/usr/share/texlive/texmf-dist/tex/latex/tools/array.sty
Package: array 2023/10/16 v2.5g Tabular extension package (FMi)
\col@sep=\dimen159
\ar@mcellbox=\box53
\extrarowheight=\dimen160
\NC@list=\toks25
\extratabsurround=\skip56
\backup@length=\skip57
\ar@cellbox=\box54
)
\TX@col@width=\dimen161
\TX@old@table=\dimen162
\TX@old@col=\dimen163
\TX@target=\dimen164
\TX@delta=\dimen165
\TX@cols=\count275
\TX@ftn=\toks26
)
(/usr/share/texlive/texmf-dist/tex/latex/adjustbox/adjustbox.sty
Package: adjustbox 2022/10/17 v1.3a Adjusting TeX boxes (trim, clip, ...)

(/usr/share/texlive/texmf-dist/tex/latex/xkeyval/xkeyval.sty
Package: xkeyval 2022/06/16 v2.9 package option processing (HA)

(/usr/share/texlive/texmf-dist/tex/generic/xkeyval/xkeyval.tex
(/usr/share/texlive/texmf-dist/tex/generic/xkeyval/xkvutils.tex
\XKV@toks=\toks27
\XKV@tempa@toks=\toks28
)
\XKV@depth=\count276
File: xkeyval.tex 2014/12/03 v2.7a key=value parser (HA)
))
(/usr/share/texlive/texmf-dist/tex/latex/adjustbox/adjcalc.sty
Package: adjcalc 2012/05/16 v1.1 Provides advanced setlength with multiple back
-ends (calc, etex, pgfmath)
)
(/usr/share/texlive/texmf-dist/tex/latex/adjustbox/trimclip.sty
Package: trimclip 2020/08/19 v1.2 Trim and clip general TeX material

(/usr/share/texlive/texmf-dist/tex/latex/collectbox/collectbox.sty
Package: collectbox 2022/10/17 v0.4c Collect macro arguments as boxes
\collectedbox=\box55
)
\tc@llx=\dimen166
\tc@lly=\dimen167
\tc@urx=\dimen168
\tc@ury=\dimen169
Package trimclip Info: Using driver 'tc-pdftex.def'.

(/usr/share/texlive/texmf-dist/tex/latex/adjustbox/tc-pdftex.def
File: tc-pdftex.def 2019/01/04 v2.2 Clipping driver for pdftex
))
\adjbox@Width=\dimen170
\adjbox@Height=\dimen171
\adjbox@Depth=\dimen172
\adjbox@Totalheight=\dimen173
\adjbox@pwidth=\dimen174
\adjbox@pheight=\dimen175
\adjbox@pdepth=\dimen176
\adjbox@ptotalheight=\dimen177

(/usr/share/texlive/texmf-dist/tex/latex/ifoddpage/ifoddpage.sty
Package: ifoddpage 2022/10/18 v1.2 Conditionals for odd/even page detection
\c@checkoddpage=\count277
)
(/usr/share/texlive/texmf-dist/tex/latex/varwidth/varwidth.sty
Package: varwidth 2009/03/30 ver 0.92;  Variable-width minipages
\@vwid@box=\box56
\sift@deathcycles=\count278
\@vwid@loff=\dimen178
\@vwid@roff=\dimen179
))
(/usr/share/texlive/texmf-dist/tex/latex/colortbl/colortbl.sty
Package: colortbl 2022/06/20 v1.0f Color table columns (DPC)
\everycr=\toks29
\minrowclearance=\skip58
\rownum=\count279
)
(/usr/share/texlive/texmf-dist/tex/latex/graphics/rotating.sty
Package: rotating 2016/08/11 v2.16d rotated objects in LaTeX
\c@r@tfl@t=\count280
\rotFPtop=\skip59
\rotFPbot=\skip60
\rot@float@box=\box57
\rot@mess@toks=\toks30
)
(/usr/share/texlive/texmf-dist/tex/latex/multirow/multirow.sty
Package: multirow 2021/03/15 v2.8 Span multiple rows of a table
\multirow@colwidth=\skip61
\multirow@cntb=\count281
\multirow@dima=\skip62
\bigstrutjot=\dimen180
)
(/usr/share/texlive/texmf-dist/tex/latex/base/inputenc.sty
Package: inputenc 2021/02/14 v1.3d Input encoding file
\inpenc@prehook=\toks31
\inpenc@posthook=\toks32
)
(/usr/share/texlive/texmf-dist/tex/latex/float/float.sty
Package: float 2001/11/08 v1.3d Float enhancements (AL)
\c@float@type=\count282
\float@exts=\toks33
\float@box=\box58
\@float@everytoks=\toks34
\@floatcapt=\box59
)
(/usr/share/texlive/texmf-dist/tex/latex/hyperref/hyperref.sty
Package: hyperref 2024-01-20 v7.01h Hypertext links for LaTeX

(/usr/share/texlive/texmf-dist/tex/latex/kvsetkeys/kvsetkeys.sty
Package: kvsetkeys 2022-10-05 v1.19 Key value parser (HO)
)
(/usr/share/texlive/texmf-dist/tex/generic/kvdefinekeys/kvdefinekeys.sty
Package: kvdefinekeys 2019-12-19 v1.6 Define keys (HO)
)
(/usr/share/texlive/texmf-dist/tex/generic/pdfescape/pdfescape.sty
Package: pdfescape 2019/12/09 v1.15 Implements pdfTeX's escape features (HO)

(/usr/share/texlive/texmf-dist/tex/generic/ltxcmds/ltxcmds.sty
Package: ltxcmds 2023-12-04 v1.26 LaTeX kernel commands for general use (HO)
)
(/usr/share/texlive/texmf-dist/tex/generic/pdftexcmds/pdftexcmds.sty
Package: pdftexcmds 2020-06-27 v0.33 Utility functions of pdfTeX for LuaTeX (HO
)

(/usr/share/texlive/texmf-dist/tex/generic/infwarerr/infwarerr.sty
Package: infwarerr 2019/12/03 v1.5 Providing info/warning/error messages (HO)
)
Package pdftexcmds Info: \pdf@primitive is available.
Package pdftexcmds Info: \pdf@ifprimitive is available.
Package pdftexcmds Info: \pdfdraftmode found.
))
(/usr/share/texlive/texmf-dist/tex/latex/hycolor/hycolor.sty
Package: hycolor 2020-01-27 v1.10 Color options for hyperref/bookmark (HO)
)
(/usr/share/texlive/texmf-dist/tex/latex/auxhook/auxhook.sty
Package: auxhook 2019-12-17 v1.6 Hooks for auxiliary files (HO)
)
(/usr/share/texlive/texmf-dist/tex/latex/hyperref/nameref.sty
Package: nameref 2023-11-26 v2.56 Cross-referencing by name of section

(/usr/share/texlive/texmf-dist/tex/latex/refcount/refcount.sty
Package: refcount 2019/12/15 v3.6 Data extraction from label references (HO)
)
(/usr/share/texlive/texmf-dist/tex/generic/gettitlestring/gettitlestring.sty
Package: gettitlestring 2019/12/15 v1.6 Cleanup title references (HO)

(/usr/share/texlive/texmf-dist/tex/latex/kvoptions/kvoptions.sty
Package: kvoptions 2022-06-15 v3.15 Key value format for package options (HO)
))
\c@section@level=\count283
)
(/usr/share/texlive/texmf-dist/tex/latex/etoolbox/etoolbox.sty
Package: etoolbox 2020/10/05 v2.5k e-TeX tools for LaTeX (JAW)
\etb@tempcnta=\count284
)
\@linkdim=\dimen181
\Hy@linkcounter=\count285
\Hy@pagecounter=\count286

(/usr/share/texlive/texmf-dist/tex/latex/hyperref/pd1enc.def
File: pd1enc.def 2024-01-20 v7.01h Hyperref: PDFDocEncoding definition (HO)
Now handling font encoding PD1 ...
... no UTF-8 mapping file for font encoding PD1
)
(/usr/share/texlive/texmf-dist/tex/generic/intcalc/intcalc.sty
Package: intcalc 2019/12/15 v1.3 Expandable calculations with integers (HO)
)
\Hy@SavedSpaceFactor=\count287

(/usr/share/texlive/texmf-dist/tex/latex/hyperref/puenc.def
File: puenc.def 2024-01-20 v7.01h Hyperref: PDF Unicode definition (HO)
Now handling font encoding PU ...
... no UTF-8 mapping file for font encoding PU
)
Package hyperref Info: Hyper figures OFF on input line 4179.
Package hyperref Info: Link nesting OFF on input line 4184.
Package hyperref Info: Hyper index ON on input line 4187.
Package hyperref Info: Plain pages OFF on input line 4194.
Package hyperref Info: Backreferencing OFF on input line 4199.
Package hyperref Info: Implicit mode ON; LaTeX internals redefined.
Package hyperref Info: Bookmarks ON on input line 4446.
\c@Hy@tempcnt=\count288

(/usr/share/texlive/texmf-dist/tex/latex/url/url.sty
\Urlmuskip=\muskip16
Package: url 2013/09/16  ver 3.4  Verb mode for urls, etc.
)
LaTeX Info: Redefining \url on input line 4784.
\XeTeXLinkMargin=\dimen182

(/usr/share/texlive/texmf-dist/tex/generic/bitset/bitset.sty
Package: bitset 2019/12/09 v1.3 Handle bit-vector datatype (HO)

(/usr/share/texlive/texmf-dist/tex/generic/bigintcalc/bigintcalc.sty
Package: bigintcalc 2019/12/15 v1.5 Expandable calculations on big integers (HO
)
))
\Fld@menulength=\count289
\Field@Width=\dimen183
\Fld@charsize=\dimen184
Package hyperref Info: Hyper figures OFF on input line 6063.
Package hyperref Info: Link nesting OFF on input line 6068.
Package hyperref Info: Hyper index ON on input line 6071.
Package hyperref Info: backreferencing OFF on input line 6078.
Package hyperref Info: Link coloring OFF on input line 6083.
Package hyperref Info: Link coloring with OCG OFF on input line 6088.
Package hyperref Info: PDF/A mode OFF on input line 6093.

(/usr/share/texlive/texmf-dist/tex/latex/base/atbegshi-ltx.sty
Package: atbegshi-ltx 2021/01/10 v1.0c Emulation of the original atbegshi
package with kernel methods
)
\Hy@abspage=\count290
\c@Item=\count291
\c@Hfootnote=\count292
)
Package hyperref Info: Driver (autodetected): hpdftex.

(/usr/share/texlive/texmf-dist/tex/latex/hyperref/hpdftex.def
File: hpdftex.def 2024-01-20 v7.01h Hyperref driver for pdfTeX

(/usr/share/texlive/texmf-dist/tex/latex/base/atveryend-ltx.sty
Package: atveryend-ltx 2020/08/19 v1.0a Emulation of the original atveryend pac
kage
with kernel methods
)
\Fld@listcount=\count293
\c@bookmark@seq@number=\count294

(/usr/share/texlive/texmf-dist/tex/latex/rerunfilecheck/rerunfilecheck.sty
Package: rerunfilecheck 2022-07-10 v1.10 Rerun checks for auxiliary files (HO)

(/usr/share/texlive/texmf-dist/tex/generic/uniquecounter/uniquecounter.sty
Package: uniquecounter 2019/12/15 v1.4 Provide unlimited unique counter (HO)
)
Package uniquecounter Info: New unique counter `rerunfilecheck' on input line 2
85.
)
\Hy@SectionHShift=\skip63
)
(/usr/share/texlive/texmf-dist/tex/latex/listings/listings.sty
\lst@mode=\count295
\lst@gtempboxa=\box60
\lst@token=\toks35
\lst@length=\count296
\lst@currlwidth=\dimen185
\lst@column=\count297
\lst@pos=\count298
\lst@lostspace=\dimen186
\lst@width=\dimen187
\lst@newlines=\count299
\lst@lineno=\count300
\lst@maxwidth=\dimen188

(/usr/share/texlive/texmf-dist/tex/latex/listings/lstmisc.sty
File: lstmisc.sty 2023/02/27 1.9 (Carsten Heinz)
\c@lstnumber=\count301
\lst@skipnumbers=\count302
\lst@framebox=\box61
)
(/usr/share/texlive/texmf-dist/tex/latex/listings/listings.cfg
File: listings.cfg 2023/02/27 1.9 listings configuration
))
Package: listings 2023/02/27 1.9 (Carsten Heinz)

(/usr/share/texlive/texmf-dist/tex/latex/fancyhdr/fancyhdr.sty
Package: fancyhdr 2022/11/09 v4.1 Extensive control of page headers and footers

\f@nch@headwidth=\skip64
\f@nch@O@elh=\skip65
\f@nch@O@erh=\skip66
\f@nch@O@olh=\skip67
\f@nch@O@orh=\skip68
\f@nch@O@elf=\skip69
\f@nch@O@erf=\skip70
\f@nch@O@olf=\skip71
\f@nch@O@orf=\skip72
)
(/usr/share/texlive/texmf-dist/tex/latex/l3backend/l3backend-pdftex.def
File: l3backend-pdftex.def 2024-01-04 L3 backend support: PDF output (pdfTeX)
\l__color_backend_stack_int=\count303
\l__pdf_internal_box=\box62
)

LaTeX Warning: Unused global option(s):
    [letter].

(./lab05_informe.aux
LaTeX Info: Redefining \. on input line 12.
LaTeX Info: Redefining \% on input line 12.
)
\openout1 = `lab05_informe.aux'.

LaTeX Font Info:    Checking defaults for OML/cmm/m/it on input line 36.
LaTeX Font Info:    ... okay on input line 36.
LaTeX Font Info:    Checking defaults for OMS/cmsy/m/n on input line 36.
LaTeX Font Info:    ... okay on input line 36.
LaTeX Font Info:    Checking defaults for OT1/cmr/m/n on input line 36.
LaTeX Font Info:    ... okay on input line 36.
LaTeX Font Info:    Checking defaults for T1/cmr/m/n on input line 36.
LaTeX Font Info:    ... okay on input line 36.
LaTeX Font Info:    Checking defaults for TS1/cmr/m/n on input line 36.
LaTeX Font Info:    ... okay on input line 36.
LaTeX Font Info:    Checking defaults for OMX/cmex/m/n on input line 36.
LaTeX Font Info:    ... okay on input line 36.
LaTeX Font Info:    Checking defaults for U/cmr/m/n on input line 36.
LaTeX Font Info:    ... okay on input line 36.
LaTeX Font Info:    Checking defaults for PD1/pdf/m/n on input line 36.
LaTeX Font Info:    ... okay on input line 36.
LaTeX Font Info:    Checking defaults for PU/pdf/m/n on input line 36.
LaTeX Font Info:    ... okay on input line 36.

*geometry* driver: auto-detecting
*geometry* detected driver: pdftex
*geometry* verbose mode - [ preamble ] result:
* driver: pdftex
* paper: custom
* layout: <same size as paper>
* layoutoffset:(h,v)=(0.0pt,0.0pt)
* modes: 
* h-part:(L,W,R)=(85.35826pt, 472.03113pt, 56.9055pt)
* v-part:(T,H,B)=(99.58464pt, 624.25354pt, 71.13188pt)
* \paperwidth=614.29489pt
* \paperheight=794.97006pt
* \textwidth=472.03113pt
* \textheight=624.25354pt
* \oddsidemargin=13.08827pt
* \evensidemargin=13.08827pt
* \topmargin=-187.18535pt
* \headheight=200.0pt
* \headsep=14.5pt
* \topskip=12.0pt
* \footskip=30.0pt
* \marginparwidth=44.0pt
* \marginparsep=10.0pt
* \columnsep=10.0pt
* \skip\footins=10.8pt plus 4.0pt minus 2.0pt
* \hoffset=0.0pt
* \voffset=0.0pt
* \mag=1000
* \@twocolumnfalse
* \@twosidefalse
* \@mparswitchfalse
* \@reversemarginfalse
* (1in=72.27pt=25.4mm, 1cm=28.453pt)

(/usr/share/texlive/texmf-dist/tex/context/base/mkii/supp-pdf.mkii
[Loading MPS to PDF converter (version 2006.09.02).]
\scratchcounter=\count304
\scratchdimen=\dimen189
\scratchbox=\box63
\nofMPsegments=\count305
\nofMParguments=\count306
\everyMPshowfont=\toks36
\MPscratchCnt=\count307
\MPscratchDim=\dimen190
\MPnumerator=\count308
\makeMPintoPDFobject=\count309
\everyMPtoPDFconversion=\toks37
) (/usr/share/texlive/texmf-dist/tex/latex/epstopdf-pkg/epstopdf-base.sty
Package: epstopdf-base 2020-01-24 v2.11 Base part for package epstopdf
Package epstopdf-base Info: Redefining graphics rule for `.eps' on input line 4
85.

(/usr/share/texlive/texmf-dist/tex/latex/latexconfig/epstopdf-sys.cfg
File: epstopdf-sys.cfg 2010/07/13 v1.3 Configuration of (r)epstopdf for TeX Liv
e
))
LaTeX Info: Redefining \. on input line 36.
LaTeX Info: Redefining \% on input line 36.

(/usr/share/texlive/texmf-dist/tex/latex/pdflscape/pdflscape.sty
Package: pdflscape 2022-10-27 v0.13 Display of landscape pages in PDF

(/usr/share/texlive/texmf-dist/tex/latex/pdflscape/pdflscape-nometadata.sty
Package: pdflscape-nometadata 2022-10-28 v0.13 Display of landscape pages in PD
F (HO)

(/usr/share/texlive/texmf-dist/tex/latex/graphics/lscape.sty
Package: lscape 2020/05/28 v3.02 Landscape Pages (DPC)
)
Package pdflscape Info: Auto-detected driver: pdftex on input line 81.
))
Package hyperref Info: Link coloring OFF on input line 36.

(./lab05_informe.out) (./lab05_informe.out)
\@outlinefile=\write3
\openout3 = `lab05_informe.out'.

\c@lstlisting=\count310
LaTeX Font Info:    External font `cmex10' loaded for size
(Font)              <14.4> on input line 45.
LaTeX Font Info:    External font `cmex10' loaded for size
(Font)              <7> on input line 45.
 [1

{/var/lib/texmf/fonts/map/pdftex/updmap/pdftex.map}] (./lab05_informe.toc
LaTeX Info: Redefining \. on input line 1.
LaTeX Info: Redefining \% on input line 1.
LaTeX Font Info:    External font `cmex10' loaded for size
(Font)              <12> on input line 4.
LaTeX Font Info:    External font `cmex10' loaded for size
(Font)              <8> on input line 4.
LaTeX Font Info:    External font `cmex10' loaded for size
(Font)              <6> on input line 4.
)
\tf@toc=\write4
\openout4 = `lab05_informe.toc'.

LaTeX Info: Redefining \. on input line 50.
LaTeX Info: Redefining \% on input line 50.
LaTeX Info: Redefining \. on input line 50.
LaTeX Info: Redefining \% on input line 50.
 [2]
LaTeX Info: Redefining \. on input line 50.
LaTeX Info: Redefining \% on input line 50.
LaTeX Info: Redefining \. on input line 50.
LaTeX Info: Redefining \% on input line 50.
 [3]
Underfull \hbox (badness 10000) in paragraph at lines 55--56

 []


Underfull \hbox (badness 10000) in paragraph at lines 80--82

 []


Underfull \hbox (badness 10000) in paragraph at lines 80--82

 []

LaTeX Info: Redefining \. on input line 83.
LaTeX Info: Redefining \% on input line 83.
LaTeX Info: Redefining \. on input line 83.
LaTeX Info: Redefining \% on input line 83.
[4]
<Desarrollo/trafico.png, id=196, 512.66531pt x 309.40594pt>
File: Desarrollo/trafico.png Graphic file (type png)
<use Desarrollo/trafico.png>
Package pdftex.def Info: Desarrollo/trafico.png  used on input line 89.
(pdftex.def)             Requested size: 472.03113pt x 284.88353pt.
<Desarrollo/exchange.png, id=198, 469.755pt x 274.02374pt>
File: Desarrollo/exchange.png Graphic file (type png)
<use Desarrollo/exchange.png>
Package pdftex.def Info: Desarrollo/exchange.png  used on input line 100.
(pdftex.def)             Requested size: 472.03113pt x 275.3527pt.
LaTeX Info: Redefining \. on input line 104.
LaTeX Info: Redefining \% on input line 104.
LaTeX Info: Redefining \. on input line 104.
LaTeX Info: Redefining \% on input line 104.
 [5 <./Desarrollo/trafico.png>]
LaTeX Info: Redefining \. on input line 120.
LaTeX Info: Redefining \% on input line 120.
 [6 <./Desarrollo/exchange.png>]
LaTeX Info: Redefining \. on input line 159.
LaTeX Info: Redefining \% on input line 159.
LaTeX Info: Redefining \. on input line 159.
LaTeX Info: Redefining \% on input line 159.
 [7]
LaTeX Info: Redefining \. on input line 203.
LaTeX Info: Redefining \% on input line 203.
LaTeX Info: Redefining \. on input line 203.
LaTeX Info: Redefining \% on input line 203.
 [8]
LaTeX Info: Redefining \. on input line 249.
LaTeX Info: Redefining \% on input line 249.
LaTeX Info: Redefining \. on input line 249.
LaTeX Info: Redefining \% on input line 249.

[9]
<analisis/1/packets_hassh_c1.png, id=350, 1557.82pt x 250.9375pt>
File: analisis/1/packets_hassh_c1.png Graphic file (type png)
<use analisis/1/packets_hassh_c1.png>
Package pdftex.def Info: analisis/1/packets_hassh_c1.png  used on input line 28
9.
(pdftex.def)             Requested size: 377.62634pt x 60.82738pt.
LaTeX Info: Redefining \. on input line 292.
LaTeX Info: Redefining \% on input line 292.
LaTeX Info: Redefining \. on input line 292.
LaTeX Info: Redefining \% on input line 292.
 [10]
<analisis/1/key_exchange_c1.png, id=375, 1076.02pt x 577.15625pt>
File: analisis/1/key_exchange_c1.png Graphic file (type png)
<use analisis/1/key_exchange_c1.png>
Package pdftex.def Info: analisis/1/key_exchange_c1.png  used on input line 301
.
(pdftex.def)             Requested size: 377.62634pt x 202.55373pt.
<analisis/1/packets_hassh_c2.png, id=376, 1926.19624pt x 189.70876pt>
File: analisis/1/packets_hassh_c2.png Graphic file (type png)
<use analisis/1/packets_hassh_c2.png>
Package pdftex.def Info: analisis/1/packets_hassh_c2.png  used on input line 31
4.
(pdftex.def)             Requested size: 377.62634pt x 37.19135pt.
<analisis/1/key_exchange_c2.png, id=377, 1120.185pt x 508.90125pt>
File: analisis/1/key_exchange_c2.png Graphic file (type png)
<use analisis/1/key_exchange_c2.png>
Package pdftex.def Info: analisis/1/key_exchange_c2.png  used on input line 320
.
(pdftex.def)             Requested size: 377.62634pt x 171.5565pt.
LaTeX Info: Redefining \. on input line 323.
LaTeX Info: Redefining \% on input line 323.
LaTeX Info: Redefining \. on input line 323.
LaTeX Info: Redefining \% on input line 323.
 [11 <./analisis/1/packets_hassh_c1.png> <./analisis/1/key_exchange_c1.png> <./
analisis/1/packets_hassh_c2.png>]
<analisis/1/packets_hassh_c3.png, id=388, 1859.94875pt x 178.6675pt>
File: analisis/1/packets_hassh_c3.png Graphic file (type png)
<use analisis/1/packets_hassh_c3.png>
Package pdftex.def Info: analisis/1/packets_hassh_c3.png  used on input line 33
3.
(pdftex.def)             Requested size: 377.62634pt x 36.27266pt.
<analisis/1/key_exchange_c3.png, id=389, 1121.18875pt x 515.9275pt>
File: analisis/1/key_exchange_c3.png Graphic file (type png)
<use analisis/1/key_exchange_c3.png>
Package pdftex.def Info: analisis/1/key_exchange_c3.png  used on input line 339
.
(pdftex.def)             Requested size: 377.62634pt x 173.76768pt.

Overfull \hbox (32.34248pt too wide) in paragraph at lines 344--345
\OT1/cmr/bx/n/12 tes\OT1/cmr/m/n/12 . Se ob-ser-va la pre-sen-cia de al-go-rit-
mos mo-der-nos co-mo \OT1/cmtt/m/n/12 sntrup761x25519-sha512@openssh.com\OT1/cm
r/m/n/12 . 
 []

LaTeX Info: Redefining \. on input line 347.
LaTeX Info: Redefining \% on input line 347.
LaTeX Info: Redefining \. on input line 347.
LaTeX Info: Redefining \% on input line 347.
[12 <./analisis/1/key_exchange_c2.png> <./analisis/1/packets_hassh_c3.png> <./a
nalisis/1/key_exchange_c3.png>]
<analisis/1/packets_hassh_c4.png, id=401, 1858.945pt x 213.79875pt>
File: analisis/1/packets_hassh_c4.png Graphic file (type png)
<use analisis/1/packets_hassh_c4.png>
Package pdftex.def Info: analisis/1/packets_hassh_c4.png  used on input line 35
2.
(pdftex.def)             Requested size: 377.62634pt x 43.43102pt.
<analisis/1/key_exchange_c4.png, id=402, 1116.17pt x 543.02875pt>
File: analisis/1/key_exchange_c4.png Graphic file (type png)
<use analisis/1/key_exchange_c4.png>
Package pdftex.def Info: analisis/1/key_exchange_c4.png  used on input line 358
.
(pdftex.def)             Requested size: 377.62634pt x 183.71587pt.

Overfull \hbox (11.26349pt too wide) in paragraph at lines 368--369
[]\OT1/cmr/m/n/12 En el ca-so de C1, la in-for-ma-ci^^Son en tex-to plano ex-po
-ne la ver-si^^Son del soft-wa-re \OT1/cmtt/m/n/12 OpenSSH[]7.3p1
 []


Overfull \hbox (4.46643pt too wide) in paragraph at lines 368--369
\OT1/cmr/m/n/12 la lis-ta com-ple-ta de al-go-rit-mos de ci-fra-do sim^^Setri-c
o (co-mo \OT1/cmtt/m/n/12 aes128-ctr \OT1/cmr/m/n/12 y \OT1/cmtt/m/n/12 chacha2
0-poly1305\OT1/cmr/m/n/12 ),
 []

LaTeX Info: Redefining \. on input line 369.
LaTeX Info: Redefining \% on input line 369.
LaTeX Info: Redefining \. on input line 369.
LaTeX Info: Redefining \% on input line 369.
[13 <./analisis/1/packets_hassh_c4.png> <./analisis/1/key_exchange_c4.png>]
LaTeX Info: Redefining \. on input line 386.
LaTeX Info: Redefining \% on input line 386.
LaTeX Info: Redefining \. on input line 386.
LaTeX Info: Redefining \% on input line 386.

[14]
Overfull \hbox (109.51852pt too wide) in paragraph at lines 387--388
\OT1/cmr/m/n/12 de se-gu-ri-dad f^^S^^Psi-cas (FI-DO/U2F), a~nadien-do al-go-ri
t-mos co-mo \OT1/cmtt/m/n/12 sk-ecdsa-sha2-nistp256-cert-v01@openssh.com\OT1/cm
r/m/n/12 .
 []


Overfull \hbox (50.21695pt too wide) in paragraph at lines 392--393
\OT1/cmr/bx/n/12 co \OT1/cmtt/m/n/12 sntrup761x25519-sha512@openssh.com \OT1/cm
r/m/n/12 co-mo la op-ci^^Son de ma-yor prio-ri-dad en los \OT1/cmtt/m/n/12 kex[
]algorithms\OT1/cmr/m/n/12 .
 []

LaTeX Info: Redefining \. on input line 394.
LaTeX Info: Redefining \% on input line 394.
LaTeX Info: Redefining \. on input line 394.
LaTeX Info: Redefining \% on input line 394.
[15]
<trafico/01-descarga-openssh.png, id=421, 971.63pt x 88.33pt>
File: trafico/01-descarga-openssh.png Graphic file (type png)
<use trafico/01-descarga-openssh.png>
Package pdftex.def Info: trafico/01-descarga-openssh.png  used on input line 41
5.
(pdftex.def)             Requested size: 424.82512pt x 38.62001pt.
<trafico/02-decompresion-ssh.png, id=422, 555.07375pt x 86.3225pt>
File: trafico/02-decompresion-ssh.png Graphic file (type png)
<use trafico/02-decompresion-ssh.png>
Package pdftex.def Info: trafico/02-decompresion-ssh.png  used on input line 42
5.
(pdftex.def)             Requested size: 424.82512pt x 66.06677pt.
LaTeX Font Info:    Font shape `OT1/cmtt/bx/n' in size <12> not available
(Font)              Font shape `OT1/cmtt/m/n' tried instead on input line 429.
<trafico/03-vim.png, id=423, 518.93875pt x 36.135pt>
File: trafico/03-vim.png Graphic file (type png)
<use trafico/03-vim.png>
Package pdftex.def Info: trafico/03-vim.png  used on input line 435.
(pdftex.def)             Requested size: 424.82512pt x 29.5829pt.
LaTeX Info: Redefining \. on input line 438.
LaTeX Info: Redefining \% on input line 438.
 [16 <./trafico/01-descarga-openssh.png> <./trafico/02-decompresion-ssh.png>]
<trafico/04-version.h.png, id=432, 1033.8625pt x 766.865pt>
File: trafico/04-version.h.png Graphic file (type png)
<use trafico/04-version.h.png>
Package pdftex.def Info: trafico/04-version.h.png  used on input line 446.
(pdftex.def)             Requested size: 424.82512pt x 315.10707pt.
<trafico/05-compilacion1.png, id=433, 870.25125pt x 27.10126pt>
File: trafico/05-compilacion1.png Graphic file (type png)
<use trafico/05-compilacion1.png>
Package pdftex.def Info: trafico/05-compilacion1.png  used on input line 457.
(pdftex.def)             Requested size: 424.82512pt x 13.2301pt.
LaTeX Font Info:    Trying to load font information for TS1+cmtt on input line 
462.
 (/usr/share/texlive/texmf-dist/tex/latex/base/ts1cmtt.fd
File: ts1cmtt.fd 2023/04/13 v2.5m Standard LaTeX font definitions
)
<trafico/06-compilacion2.png, id=434, 563.10374pt x 31.11626pt>
File: trafico/06-compilacion2.png Graphic file (type png)
<use trafico/06-compilacion2.png>
Package pdftex.def Info: trafico/06-compilacion2.png  used on input line 467.
(pdftex.def)             Requested size: 424.82512pt x 23.47528pt.
LaTeX Info: Redefining \. on input line 470.
LaTeX Info: Redefining \% on input line 470.
LaTeX Info: Redefining \. on input line 470.
LaTeX Info: Redefining \% on input line 470.
 [17 <./trafico/03-vim.png> <./trafico/04-version.h.png> <./trafico/05-compilac
ion1.png>]
<trafico/07-reemplazoSSH_conection.png, id=449, 603.25375pt x 107.40125pt>
File: trafico/07-reemplazoSSH_conection.png Graphic file (type png)
<use trafico/07-reemplazoSSH_conection.png>
Package pdftex.def Info: trafico/07-reemplazoSSH_conection.png  used on input l
ine 478.
(pdftex.def)             Requested size: 424.82512pt x 75.6343pt.
<trafico/08-wireshark.png, id=450, 1127.21124pt x 103.38625pt>
File: trafico/08-wireshark.png Graphic file (type png)
<use trafico/08-wireshark.png>
Package pdftex.def Info: trafico/08-wireshark.png  used on input line 489.
(pdftex.def)             Requested size: 424.82512pt x 38.96378pt.

Overfull \hbox (22.20248pt too wide) in paragraph at lines 504--508
[]\OT1/cmr/m/n/12 En la ima-gen se pue-de ob-ser-var el ar-chi-vo an-tes de la 
mo-di-fi-ca-ci^^Son. Las ma-cros \OT1/cmtt/m/n/12 KEX[]SERVER[]KEX
 []

<KEI/myproposal.h.png, id=451, 558.085pt x 817.0525pt>
File: KEI/myproposal.h.png Graphic file (type png)
<use KEI/myproposal.h.png>
Package pdftex.def Info: KEI/myproposal.h.png  used on input line 511.
(pdftex.def)             Requested size: 401.22934pt x 587.4296pt.
LaTeX Info: Redefining \. on input line 514.
LaTeX Info: Redefining \% on input line 514.
[18 <./trafico/06-compilacion2.png> <./trafico/07-reemplazoSSH_conection.png> <
./trafico/08-wireshark.png>]
LaTeX Info: Redefining \. on input line 517.
LaTeX Info: Redefining \% on input line 517.
LaTeX Info: Redefining \. on input line 517.
LaTeX Info: Redefining \% on input line 517.
 [19 <./KEI/myproposal.h.png>]
<KEI/myproposal2.png, id=469, 649.42625pt x 375.4025pt>
File: KEI/myproposal2.png Graphic file (type png)
<use KEI/myproposal2.png>
Package pdftex.def Info: KEI/myproposal2.png  used on input line 527.
(pdftex.def)             Requested size: 401.22934pt x 231.93375pt.
LaTeX Info: Redefining \. on input line 548.
LaTeX Info: Redefining \% on input line 548.
 [20 <./KEI/myproposal2.png>]
LaTeX Info: Redefining \. on input line 596.
LaTeX Info: Redefining \% on input line 596.
LaTeX Info: Redefining \. on input line 596.
LaTeX Info: Redefining \% on input line 596.
 [21]
LaTeX Info: Redefining \. on input line 597.
LaTeX Info: Redefining \% on input line 597.
LaTeX Info: Redefining \. on input line 597.
LaTeX Info: Redefining \% on input line 597.
 [22] 
enddocument/afterlastpage: lastpage setting LastPage.
(./lab05_informe.aux
LaTeX Info: Redefining \. on input line 12.
LaTeX Info: Redefining \% on input line 12.
)
 ***********
LaTeX2e <2023-11-01> patch level 1
L3 programming layer <2024-01-22>
 ***********
Package rerunfilecheck Info: File `lab05_informe.out' has not changed.
(rerunfilecheck)             Checksum: 19FB4D281F2BA0B331705E2977DCD2EB;8246.
 ) 
Here is how much of TeX's memory you used:
 15869 strings out of 476006
 250693 string characters out of 5791061
 2217975 words of memory out of 5000000
 37432 multiletter control sequences out of 15000+600000
 567372 words of font info for 68 fonts, out of 8000000 for 9000
 107 hyphenation exceptions out of 8191
 75i,13n,79p,704b,1976s stack positions out of 10000i,1000n,20000p,200000b,200000s
 </home/f00777/.texlive2023/texmf-var/fonts/pk/ljfour/jknappen/ec/tctt1200.60
0pk> </home/f00777/.texlive2023/texmf-var/fonts/pk/ljfour/jknappen/ec/tcrm1200.
600pk></usr/share/texlive/texmf-dist/fonts/type1/public/amsfonts/cm/cmbx12.pfb>
</usr/share/texlive/texmf-dist/fonts/type1/public/amsfonts/cm/cmr12.pfb></usr/s
hare/texlive/texmf-dist/fonts/type1/public/amsfonts/cm/cmr17.pfb></usr/share/te
xlive/texmf-dist/fonts/type1/public/amsfonts/cm/cmr6.pfb></usr/share/texlive/te
xmf-dist/fonts/type1/public/amsfonts/cm/cmr8.pfb></usr/share/texlive/texmf-dist
/fonts/type1/public/amsfonts/cm/cmsl12.pfb></usr/share/texlive/texmf-dist/fonts
/type1/public/amsfonts/cm/cmsy10.pfb></usr/share/texlive/texmf-dist/fonts/type1
/public/amsfonts/cm/cmti12.pfb></usr/share/texlive/texmf-dist/fonts/type1/publi
c/amsfonts/cm/cmtt10.pfb></usr/share/texlive/texmf-dist/fonts/type1/public/amsf
onts/cm/cmtt12.pfb></usr/share/texlive/texmf-dist/fonts/type1/public/amsfonts/c
m/cmtt8.pfb>
Output written on lab05_informe.pdf (22 pages, 2145227 bytes).
PDF statistics:
 591 PDF objects out of 1000 (max. 8388607)
 497 compressed objects within 5 object streams
 221 named destinations out of 1000 (max. 500000)
 357 words of extra memory for PDF output out of 10000 (max. 10000000)

